// Jest Snapshot v1, https://goo.gl/fbAQLP

exports[`Layout should render correctly 1`] = `
<div
  class="layout"
>
  <div
    class="sidebar"
  >
    sidebar
  </div>
  <div
    class="content"
  >
    content
  </div>
</div>
`;
