// Jest Snapshot v1, https://goo.gl/fbAQLP

exports[`Input should render correct 1`] = `
<input
  class="input input-error"
  placeholder="Enter text"
  value="Test"
/>
`;
